[IrFun {irDeclName = "__5", irDeclArity = 2, irDeclArgNames = ["__clos6","__n4"], irDeclBody = IrLet "__m0" (IrAccess (IrVar "__clos6") 1) (IrLet "__mult3" (IrAccess (IrVar "__clos6") 2) (IrIfZ (IrVar "__m0") (IrConst (CNat 0)) (IrIfZ (IrVar "__n4") (IrConst (CNat 0)) (IrIfZ (IrBinaryOp (Minus True) (IrVar "__n4") (IrConst (CNat 1))) (IrVar "__m0") (IrBinaryOp (Plus False) (IrVar "__m0") (IrLet "__a8" (IrLet "__a7" (IrVar "__mult3") (IrCall (IrAccess (IrVar "__a7") 0) [IrVar "__a7",IrVar "__m0"])) (IrCall (IrAccess (IrVar "__a8") 0) [IrVar "__a8",IrBinaryOp (Minus True) (IrVar "__n4") (IrConst (CNat 1))])))))))},IrFun {irDeclName = "__1", irDeclArity = 2, irDeclArgNames = ["__clos2","__m0"], irDeclBody = IrLet "__mult3" (IrVar "__clos2") (MkClosure "__5" [IrVar "__m0",IrVar "__mult3"])},IrVal {irDeclName = "mult", irDeclDef = MkClosure "__1" []},IrVal {irDeclName = "res", irDeclDef = IrLet "____x09" (IrConst (CNat 4)) (IrLet "____x110" (IrConst (CNat 5)) (IrBinaryOp (Plus False) (IrBinaryOp (Plus False) (IrBinaryOp (Plus False) (IrBinaryOp (Plus False) (IrBinaryOp (Plus False) (IrVar "____x09") (IrConst (CNat 2))) (IrConst (CNat 1))) (IrBinaryOp (Plus False) (IrVar "____x110") (IrConst (CNat 3)))) (IrConst (CNat 10))) (IrLet "__a12" (IrLet "__a11" (IrVar "mult") (IrCall (IrAccess (IrVar "__a11") 0) [IrVar "__a11",IrConst (CNat 4)])) (IrCall (IrAccess (IrVar "__a12") 0) [IrVar "__a12",IrConst (CNat 5)]))))}]