[IrFun {irDeclName = "__5", irDeclArity = 2, irDeclArgNames = ["__clos6","__n4"], irDeclBody = IrLet "__m0" (IrAccess (IrVar "__clos6") 1) (IrLet "__mult3" (IrAccess (IrVar "__clos6") 2) (IrIfZ (IrVar "__m0") (IrConst (CNat 0)) (IrIfZ (IrVar "__n4") (IrConst (CNat 0)) (IrIfZ (IrBinaryOp (Minus True) (IrVar "__n4") (IrConst (CNat 1))) (IrVar "__m0") (IrBinaryOp (Plus False) (IrVar "__m0") (IrLet "__a8" (IrLet "__a7" (IrVar "__mult3") (IrCall (IrAccess (IrVar "__a7") 0) [IrVar "__a7",IrVar "__m0"])) (IrCall (IrAccess (IrVar "__a8") 0) [IrVar "__a8",IrBinaryOp (Minus True) (IrVar "__n4") (IrConst (CNat 1))])))))))},IrFun {irDeclName = "__1", irDeclArity = 2, irDeclArgNames = ["__clos2","__m0"], irDeclBody = IrLet "__mult3" (IrVar "__clos2") (MkClosure "__5" [IrVar "__m0",IrVar "__mult3"])},IrVal {irDeclName = "mult", irDeclDef = MkClosure "__1" []},IrVal {irDeclName = "b", irDeclDef = IrConst (CNat 10)},IrFun {irDeclName = "__10", irDeclArity = 2, irDeclArgNames = ["__clos11","__x9"], irDeclBody = IrLet "____x012" (IrBinaryOp (Plus False) (IrConst (CNat 3)) (IrConst (CNat 1))) (IrLet "____x113" (IrIfZ (IrConst (CNat 0)) (IrConst (CNat 5)) (IrConst (CNat 3))) (IrBinaryOp (Plus False) (IrBinaryOp (Plus False) (IrBinaryOp (Plus False) (IrBinaryOp (Plus False) (IrBinaryOp (Plus False) (IrVar "____x012") (IrConst (CNat 2))) (IrVar "x")) (IrBinaryOp (Plus False) (IrVar "____x113") (IrConst (CNat 3)))) (IrVar "b")) (IrLet "__a15" (IrLet "__a14" (IrVar "mult") (IrCall (IrAccess (IrVar "__a14") 0) [IrVar "__a14",IrConst (CNat 4)])) (IrCall (IrAccess (IrVar "__a15") 0) [IrVar "__a15",IrConst (CNat 5)]))))},IrVal {irDeclName = "h", irDeclDef = MkClosure "__10" []}]