[IrFun {irDeclName = "__4", irDeclArity = 2, irDeclArgNames = ["__clos5","__y3"], irDeclBody = IrIfZ (IrBinaryOp (Plus False) (IrBinaryOp (Minus False) (IrVar "x") (IrVar "y")) (IrBinaryOp (Minus False) (IrVar "y") (IrVar "x"))) (IrConst (CNat 0)) (IrConst (CNat 1))},IrFun {irDeclName = "__1", irDeclArity = 2, irDeclArgNames = ["__clos2","__x0"], irDeclBody = MkClosure "__4" []},IrVal {irDeclName = "eq", irDeclDef = MkClosure "__1" []},IrFun {irDeclName = "__11", irDeclArity = 2, irDeclArgNames = ["__clos12","__y10"], irDeclBody = IrLet "__mod9" (IrAccess (IrVar "__clos12") 1) (IrLet "__x6" (IrAccess (IrVar "__clos12") 2) (IrIfZ (IrLet "__a14" (IrLet "__a13" (IrVar "eq") (IrCall (IrAccess (IrVar "__a13") 0) [IrVar "__a13",IrVar "__x6"])) (IrCall (IrAccess (IrVar "__a14") 0) [IrVar "__a14",IrVar "__y10"])) (IrConst (CNat 0)) (IrIfZ (IrBinaryOp (Minus False) (IrVar "__x6") (IrVar "__y10")) (IrVar "__x6") (IrLet "__a16" (IrLet "__a15" (IrVar "__mod9") (IrCall (IrAccess (IrVar "__a15") 0) [IrVar "__a15",IrBinaryOp (Minus False) (IrVar "__x6") (IrVar "__y10")])) (IrCall (IrAccess (IrVar "__a16") 0) [IrVar "__a16",IrVar "__y10"])))))},IrFun {irDeclName = "__7", irDeclArity = 2, irDeclArgNames = ["__clos8","__x6"], irDeclBody = IrLet "__mod9" (IrVar "__clos8") (MkClosure "__11" [IrVar "__mod9",IrVar "__x6"])},IrVal {irDeclName = "mod", irDeclDef = MkClosure "__7" []},IrVal {irDeclName = "mans", irDeclDef = IrLet "__a18" (IrLet "__a17" (IrVar "mod") (IrCall (IrAccess (IrVar "__a17") 0) [IrVar "__a17",IrConst (CNat 5234)])) (IrCall (IrAccess (IrVar "__a18") 0) [IrVar "__a18",IrConst (CNat 10)])}]