[IrVal {irDeclName = "res", irDeclDef = IrConst (CNat 7)}]